[INFO] Scanning for projects...
[INFO] 
[INFO] ------------------< com.example:cyclemart-be-remake >-------------------
[INFO] Building cyclemart-be-remake 0.0.1-SNAPSHOT
[INFO]   from pom.xml
[INFO] --------------------------------[ jar ]---------------------------------
[INFO] 
[INFO] >>> spring-boot:3.2.5:run (default-cli) > test-compile @ cyclemart-be-remake >>>
[INFO] 
[INFO] --- resources:3.3.1:resources (default-resources) @ cyclemart-be-remake ---
[INFO] Copying 1 resource from src\main\resources to target\classes
[INFO] Copying 1 resource from src\main\resources to target\classes
[INFO] 
[INFO] --- compiler:3.11.0:compile (default-compile) @ cyclemart-be-remake ---
[INFO] Changes detected - recompiling the module! :source
[INFO] Compiling 194 source files with javac [debug release 17] to target\classes
[WARNING] /D:/SWP/cyclemart-be-remake/src/main/java/com/example/cyclemartberemake/entity/Users.java:[47,21] @Builder will ignore the initializing expression entirely. If you want the initializing expression to serve as default, add @Builder.Default. If it is not supposed to be settable during building, make the field final.
[WARNING] /D:/SWP/cyclemart-be-remake/src/main/java/com/example/cyclemartberemake/entity/Users.java:[56,20] @Builder will ignore the initializing expression entirely. If you want the initializing expression to serve as default, add @Builder.Default. If it is not supposed to be settable during building, make the field final.
[WARNING] /D:/SWP/cyclemart-be-remake/src/main/java/com/example/cyclemartberemake/entity/Users.java:[57,18] @Builder will ignore the initializing expression entirely. If you want the initializing expression to serve as default, add @Builder.Default. If it is not supposed to be settable during building, make the field final.
[WARNING] /D:/SWP/cyclemart-be-remake/src/main/java/com/example/cyclemartberemake/entity/BikePost.java:[68,21] @Builder will ignore the initializing expression entirely. If you want the initializing expression to serve as default, add @Builder.Default. If it is not supposed to be settable during building, make the field final.
[WARNING] /D:/SWP/cyclemart-be-remake/src/main/java/com/example/cyclemartberemake/entity/BikePost.java:[94,21] @Builder will ignore the initializing expression entirely. If you want the initializing expression to serve as default, add @Builder.Default. If it is not supposed to be settable during building, make the field final.
[WARNING] /D:/SWP/cyclemart-be-remake/src/main/java/com/example/cyclemartberemake/entity/BikePost.java:[97,21] @Builder will ignore the initializing expression entirely. If you want the initializing expression to serve as default, add @Builder.Default. If it is not supposed to be settable during building, make the field final.
[WARNING] /D:/SWP/cyclemart-be-remake/src/main/java/com/example/cyclemartberemake/entity/BikePost.java:[125,21] @Builder will ignore the initializing expression entirely. If you want the initializing expression to serve as default, add @Builder.Default. If it is not supposed to be settable during building, make the field final.
[WARNING] /D:/SWP/cyclemart-be-remake/src/main/java/com/example/cyclemartberemake/entity/BikePost.java:[128,21] @Builder will ignore the initializing expression entirely. If you want the initializing expression to serve as default, add @Builder.Default. If it is not supposed to be settable during building, make the field final.
[WARNING] /D:/SWP/cyclemart-be-remake/src/main/java/com/example/cyclemartberemake/entity/AdminNotification.java:[37,21] @Builder will ignore the initializing expression entirely. If you want the initializing expression to serve as default, add @Builder.Default. If it is not supposed to be settable during building, make the field final.
[WARNING] /D:/SWP/cyclemart-be-remake/src/main/java/com/example/cyclemartberemake/entity/PostPrioritySubscription.java:[38,21] @Builder will ignore the initializing expression entirely. If you want the initializing expression to serve as default, add @Builder.Default. If it is not supposed to be settable during building, make the field final.
[WARNING] /D:/SWP/cyclemart-be-remake/src/main/java/com/example/cyclemartberemake/entity/PriorityPackage.java:[40,21] @Builder will ignore the initializing expression entirely. If you want the initializing expression to serve as default, add @Builder.Default. If it is not supposed to be settable during building, make the field final.
[WARNING] /D:/SWP/cyclemart-be-remake/src/main/java/com/example/cyclemartberemake/entity/OtpVerification.java:[28,21] @Builder will ignore the initializing expression entirely. If you want the initializing expression to serve as default, add @Builder.Default. If it is not supposed to be settable during building, make the field final.
[WARNING] Implicitly compiled files were not subject to annotation processing.
  Use -implicit to specify a policy for implicit compilation.
[INFO] 
[INFO] --- resources:3.3.1:testResources (default-testResources) @ cyclemart-be-remake ---
[INFO] skip non existing resourceDirectory D:\SWP\cyclemart-be-remake\src\test\resources
[INFO] 
[INFO] --- compiler:3.11.0:testCompile (default-testCompile) @ cyclemart-be-remake ---
[INFO] Changes detected - recompiling the module! :dependency
[INFO] Compiling 3 source files with javac [debug release 17] to target\test-classes
[INFO] 
[INFO] <<< spring-boot:3.2.5:run (default-cli) < test-compile @ cyclemart-be-remake <<<
[INFO] 
[INFO] 
[INFO] --- spring-boot:3.2.5:run (default-cli) @ cyclemart-be-remake ---
[INFO] Attaching agents: []
Standard Commons Logging discovery in action with spring-jcl: please remove commons-logging.jar from classpath in order to avoid potential conflicts
Standard Commons Logging discovery in action with spring-jcl: please remove commons-logging.jar from classpath in order to avoid potential conflicts

  .   ____          _            __ _ _
 /\\ / ___'_ __ _ _(_)_ __  __ _ \ \ \ \
( ( )\___ | '_ | '_| | '_ \/ _` | \ \ \ \
 \\/  ___)| |_)| | | | | || (_| |  ) ) ) )
  '  |____| .__|_| |_|_| |_\__, | / / / /
 =========|_|==============|___/=/_/_/_/
 :: Spring Boot ::                (v3.2.5)

2026-04-28T02:41:36.506+07:00  INFO 14728 --- [cyclemart-be-remake] [  restartedMain] c.e.c.CyclemartBeRemakeApplication       : Starting CyclemartBeRemakeApplication using Java 21.0.8 with PID 14728 (D:\SWP\cyclemart-be-remake\target\classes started by lequo in D:\SWP\cyclemart-be-remake)
2026-04-28T02:41:36.508+07:00  INFO 14728 --- [cyclemart-be-remake] [  restartedMain] c.e.c.CyclemartBeRemakeApplication       : No active profile set, falling back to 1 default profile: "default"
2026-04-28T02:41:36.559+07:00  INFO 14728 --- [cyclemart-be-remake] [  restartedMain] .e.DevToolsPropertyDefaultsPostProcessor : Devtools property defaults active! Set 'spring.devtools.add-properties' to 'false' to disable
2026-04-28T02:41:36.559+07:00  INFO 14728 --- [cyclemart-be-remake] [  restartedMain] .e.DevToolsPropertyDefaultsPostProcessor : For additional web related logging consider setting the 'logging.level.web' property to 'DEBUG'
2026-04-28T02:41:37.535+07:00  INFO 14728 --- [cyclemart-be-remake] [  restartedMain] .s.d.r.c.RepositoryConfigurationDelegate : Bootstrapping Spring Data JPA repositories in DEFAULT mode.
2026-04-28T02:41:37.652+07:00  INFO 14728 --- [cyclemart-be-remake] [  restartedMain] .s.d.r.c.RepositoryConfigurationDelegate : Finished Spring Data repository scanning in 109 ms. Found 22 JPA repository interfaces.
2026-04-28T02:41:38.625+07:00  INFO 14728 --- [cyclemart-be-remake] [  restartedMain] o.s.b.w.embedded.tomcat.TomcatWebServer  : Tomcat initialized with port 8080 (http)
2026-04-28T02:41:38.637+07:00  INFO 14728 --- [cyclemart-be-remake] [  restartedMain] o.apache.catalina.core.StandardService   : Starting service [Tomcat]
2026-04-28T02:41:38.638+07:00  INFO 14728 --- [cyclemart-be-remake] [  restartedMain] o.apache.catalina.core.StandardEngine    : Starting Servlet engine: [Apache Tomcat/10.1.20]
2026-04-28T02:41:38.696+07:00  INFO 14728 --- [cyclemart-be-remake] [  restartedMain] o.a.c.c.C.[Tomcat].[localhost].[/]       : Initializing Spring embedded WebApplicationContext
2026-04-28T02:41:38.697+07:00  INFO 14728 --- [cyclemart-be-remake] [  restartedMain] w.s.c.ServletWebServerApplicationContext : Root WebApplicationContext: initialization completed in 2136 ms
Standard Commons Logging discovery in action with spring-jcl: please remove commons-logging.jar from classpath in order to avoid potential conflicts
2026-04-28T02:41:38.869+07:00  INFO 14728 --- [cyclemart-be-remake] [  restartedMain] o.hibernate.jpa.internal.util.LogHelper  : HHH000204: Processing PersistenceUnitInfo [name: default]
2026-04-28T02:41:38.941+07:00  INFO 14728 --- [cyclemart-be-remake] [  restartedMain] org.hibernate.Version                    : HHH000412: Hibernate ORM core version 6.4.4.Final
2026-04-28T02:41:38.975+07:00  INFO 14728 --- [cyclemart-be-remake] [  restartedMain] o.h.c.internal.RegionFactoryInitiator    : HHH000026: Second-level cache disabled
2026-04-28T02:41:39.189+07:00  INFO 14728 --- [cyclemart-be-remake] [  restartedMain] o.s.o.j.p.SpringPersistenceUnitInfo      : No LoadTimeWeaver setup: ignoring JPA class transformer
2026-04-28T02:41:39.215+07:00  INFO 14728 --- [cyclemart-be-remake] [  restartedMain] com.zaxxer.hikari.HikariDataSource       : HikariPool-1 - Starting...
2026-04-28T02:41:39.389+07:00  INFO 14728 --- [cyclemart-be-remake] [  restartedMain] com.zaxxer.hikari.pool.HikariPool        : HikariPool-1 - Added connection com.mysql.cj.jdbc.ConnectionImpl@512ff67c
2026-04-28T02:41:39.391+07:00  INFO 14728 --- [cyclemart-be-remake] [  restartedMain] com.zaxxer.hikari.HikariDataSource       : HikariPool-1 - Start completed.
2026-04-28T02:41:39.442+07:00  WARN 14728 --- [cyclemart-be-remake] [  restartedMain] org.hibernate.orm.deprecation            : HHH90000025: MySQL8Dialect does not need to be specified explicitly using 'hibernate.dialect' (remove the property setting and it will be selected by default)
2026-04-28T02:41:39.443+07:00  WARN 14728 --- [cyclemart-be-remake] [  restartedMain] org.hibernate.orm.deprecation            : HHH90000026: MySQL8Dialect has been deprecated; use org.hibernate.dialect.MySQLDialect instead
2026-04-28T02:41:40.785+07:00  INFO 14728 --- [cyclemart-be-remake] [  restartedMain] o.h.e.t.j.p.i.JtaPlatformInitiator       : HHH000489: No JTA platform available (set 'hibernate.transaction.jta.platform' to enable JTA platform integration)
2026-04-28T02:41:41.110+07:00  INFO 14728 --- [cyclemart-be-remake] [  restartedMain] j.LocalContainerEntityManagerFactoryBean : Initialized JPA EntityManagerFactory for persistence unit 'default'
2026-04-28T02:41:41.566+07:00  INFO 14728 --- [cyclemart-be-remake] [  restartedMain] o.s.d.j.r.query.QueryEnhancerFactory     : Hibernate is in classpath; If applicable, HQL parser will be used.
2026-04-28T02:41:43.332+07:00  WARN 14728 --- [cyclemart-be-remake] [  restartedMain] JpaBaseConfiguration$JpaWebConfiguration : spring.jpa.open-in-view is enabled by default. Therefore, database queries may be performed during view rendering. Explicitly configure spring.jpa.open-in-view to disable this warning
2026-04-28T02:41:43.374+07:00  WARN 14728 --- [cyclemart-be-remake] [  restartedMain] .s.s.UserDetailsServiceAutoConfiguration : 

Using generated security password: 1f1b78e5-66a2-4471-8afe-88bcc02514e9

This generated password is for development use only. Your security configuration must be updated before running your application in production.

2026-04-28T02:41:43.797+07:00  INFO 14728 --- [cyclemart-be-remake] [  restartedMain] o.s.s.web.DefaultSecurityFilterChain     : Will secure any request with [org.springframework.security.web.session.DisableEncodeUrlFilter@7af9abf8, org.springframework.security.web.context.request.async.WebAsyncManagerIntegrationFilter@26d3cf11, org.springframework.security.web.context.SecurityContextHolderFilter@6098b67b, org.springframework.security.web.header.HeaderWriterFilter@3dc2b928, org.springframework.web.filter.CorsFilter@6140d2fb, org.springframework.security.web.authentication.logout.LogoutFilter@affb03f, com.example.cyclemartberemake.security.JwtAuthFilter@73a86275, org.springframework.security.web.savedrequest.RequestCacheAwareFilter@2a058911, org.springframework.security.web.servletapi.SecurityContextHolderAwareRequestFilter@62580fb5, org.springframework.security.web.authentication.AnonymousAuthenticationFilter@246f27a9, org.springframework.security.web.session.SessionManagementFilter@29239401, org.springframework.security.web.access.ExceptionTranslationFilter@6a42d262, org.springframework.security.web.access.intercept.AuthorizationFilter@3eff356d]
2026-04-28T02:41:44.223+07:00  WARN 14728 --- [cyclemart-be-remake] [  restartedMain] o.s.b.d.a.OptionalLiveReloadServer       : Unable to start LiveReload server
2026-04-28T02:41:44.252+07:00  WARN 14728 --- [cyclemart-be-remake] [  restartedMain] ConfigServletWebServerApplicationContext : Exception encountered during context initialization - cancelling refresh attempt: org.springframework.context.ApplicationContextException: Failed to start bean 'webServerStartStop'
2026-04-28T02:41:44.256+07:00  INFO 14728 --- [cyclemart-be-remake] [  restartedMain] j.LocalContainerEntityManagerFactoryBean : Closing JPA EntityManagerFactory for persistence unit 'default'
2026-04-28T02:41:44.259+07:00  INFO 14728 --- [cyclemart-be-remake] [  restartedMain] com.zaxxer.hikari.HikariDataSource       : HikariPool-1 - Shutdown initiated...
2026-04-28T02:41:44.269+07:00  INFO 14728 --- [cyclemart-be-remake] [  restartedMain] com.zaxxer.hikari.HikariDataSource       : HikariPool-1 - Shutdown completed.
2026-04-28T02:41:44.279+07:00  INFO 14728 --- [cyclemart-be-remake] [  restartedMain] .s.b.a.l.ConditionEvaluationReportLogger : 

Error starting ApplicationContext. To display the condition evaluation report re-run your application with 'debug' enabled.
2026-04-28T02:41:44.296+07:00 ERROR 14728 --- [cyclemart-be-remake] [  restartedMain] o.s.b.d.LoggingFailureAnalysisReporter   : 

***************************
APPLICATION FAILED TO START
***************************

Description:

Web server failed to start. Port 8080 was already in use.

Action:

Identify and stop the process that's listening on port 8080 or configure this application to listen on another port.

[INFO] ------------------------------------------------------------------------
[INFO] BUILD SUCCESS
[INFO] ------------------------------------------------------------------------
[INFO] Total time:  19.882 s
[INFO] Finished at: 2026-04-28T02:41:44+07:00
[INFO] ------------------------------------------------------------------------
